#-----------------------------------------------------------
# Vivado v2024.2 (64-bit)
# SW Build 5239630 on Fri Nov 08 22:35:27 MST 2024
# IP Build 5239520 on Sun Nov 10 16:12:51 MST 2024
# SharedData Build 5239561 on Fri Nov 08 14:39:27 MST 2024
# Start of session at: Wed Apr  2 17:31:52 2025
# Process ID         : 7416
# Current directory  : C:/Users/xvlaa/project_1
# Command line       : vivado.exe -gui_launcher_event rodinguilauncherevent8404 C:\Users\xvlaa\project_1\project_1.xpr
# Log file           : C:/Users/xvlaa/project_1/vivado.log
# Journal file       : C:/Users/xvlaa/project_1\vivado.jou
# Running On         : Vlad
# Platform           : Windows Server 2016 or Windows 10
# Operating System   : 26100
# Processor Detail   : Apple silicon
# CPU Frequency      : 2000 MHz
# CPU Physical cores : 2
# CPU Logical cores  : 2
# Host memory        : 8584 MB
# Swap memory        : 4705 MB
# Total Virtual      : 13290 MB
# Available Virtual  : 1346 MB
#-----------------------------------------------------------
start_gui
open_project C:/Users/xvlaa/project_1/project_1.xpr
update_compile_order -fileset sources_1
